<?xml version="1.0" encoding="utf-8"?><testsuites><testsuite name="pytest" errors="0" failures="2" skipped="0" tests="10" time="83.479" timestamp="2026-05-02T02:11:41.855813" hostname="DESKTOP-HN7R4AE"><testcase classname="tests.unit.test_helper.TestHelpers" name="test_password_hashing" time="0.008" /><testcase classname="tests.unit.test_helper.TestHelpers" name="test_pan_validation" time="0.006" /><testcase classname="tests.unit.test_helper.TestHelpers" name="test_name_validation" time="0.004" /><testcase classname="tests.unit.test_helper.TestHelpers" name="test_account_number_generation" time="0.003" /><testcase classname="tests.unit.test_helper.TestHelpers" name="test_currency_formatting" time="0.002" /><testcase classname="tests.unit.test_helper.TestHelpers" name="test_fd_calculation" time="0.004" /><testcase classname="tests.unit.test_helper.TestHelpers" name="test_sip_calculation" time="0.002" /><testcase classname="tests.functional.test_account.TestAccountManagement" name="test_create_and_delete_account" time="0.005" /><testcase classname="tests.system.test_e2e.TestBankingE2E" name="test_admin_login[chromium]" time="33.767"><failure message="playwright._impl._errors.TimeoutError: Page.fill: Timeout 30000ms exceeded.&#10;Call log:&#10;  - waiting for locator(&quot;input[placeholder='Email']&quot;)">self = &lt;test_e2e.TestBankingE2E object at 0x0000018A3935EE40&gt;, page = &lt;Page url='http://localhost:8501/'&gt;

    def test_admin_login(self, page: Page):
        page.goto(BASE_URL)
        # Wait for the main container
        page.wait_for_selector("div[data-testid='stAppViewBlockContainer']", timeout=15000)
    
        # Fill login form – use exact placeholder text
&gt;       page.fill("input[placeholder='Email']", "admin@banking.com")

tests\system\test_e2e.py:47: 
_ _ _ _ _ _ _ _ _ _ _ _ _ _ _ _ _ _ _ _ _ _ _ _ _ _ _ _ _ _ _ _ _ _ _ _ _ _ _ _ _ _ _ _ _ _ _ _ _ _ _ _ _ _ _ _ _ _ _ _ _ _ _ _ _ _ _ _ _ _ _ _ _ _ _ _ _ _ _ _ _ _ _ _ _ _ _ _ _ _ _ _ _ _ _ _ _ _ _ _ _ _ _ _ _ 
..\..\anaconda3\Lib\site-packages\playwright\sync_api\_generated.py:10520: in fill
    self._sync(
..\..\anaconda3\Lib\site-packages\playwright\_impl\_page.py:905: in fill
    return await self._main_frame.fill(**locals_to_params(locals()))
..\..\anaconda3\Lib\site-packages\playwright\_impl\_frame.py:607: in fill
    await self._fill(**locals_to_params(locals()))
..\..\anaconda3\Lib\site-packages\playwright\_impl\_frame.py:619: in _fill
    await self._channel.send("fill", self._timeout, locals_to_params(locals()))
..\..\anaconda3\Lib\site-packages\playwright\_impl\_connection.py:69: in send
    return await self._connection.wrap_api_call(
_ _ _ _ _ _ _ _ _ _ _ _ _ _ _ _ _ _ _ _ _ _ _ _ _ _ _ _ _ _ _ _ _ _ _ _ _ _ _ _ _ _ _ _ _ _ _ _ _ _ _ _ _ _ _ _ _ _ _ _ _ _ _ _ _ _ _ _ _ _ _ _ _ _ _ _ _ _ _ _ _ _ _ _ _ _ _ _ _ _ _ _ _ _ _ _ _ _ _ _ _ _ _ _ _ 

self = &lt;playwright._impl._connection.Connection object at 0x0000018A39883E30&gt;, cb = &lt;function Channel.send.&lt;locals&gt;.&lt;lambda&gt; at 0x0000018A39A49440&gt;, is_internal = False, title = None

    async def wrap_api_call(
        self, cb: Callable[[], Any], is_internal: bool = False, title: str = None
    ) -&gt; Any:
        if self._api_zone.get():
            return await cb()
        task = asyncio.current_task(self._loop)
        st: List[inspect.FrameInfo] = getattr(
            task, "__pw_stack__", None
        ) or inspect.stack(0)
    
        parsed_st = _extract_stack_trace_information_from_stack(st, is_internal, title)
        self._api_zone.set(parsed_st)
        try:
            return await cb()
        except Exception as error:
&gt;           raise rewrite_error(error, f"{parsed_st['apiName']}: {error}") from None
E           playwright._impl._errors.TimeoutError: Page.fill: Timeout 30000ms exceeded.
E           Call log:
E             - waiting for locator("input[placeholder='Email']")

..\..\anaconda3\Lib\site-packages\playwright\_impl\_connection.py:559: TimeoutError</failure></testcase><testcase classname="tests.system.test_e2e.TestBankingE2E" name="test_money_transfer_flow[chromium]" time="32.557"><failure message="playwright._impl._errors.TimeoutError: Page.fill: Timeout 30000ms exceeded.&#10;Call log:&#10;  - waiting for locator(&quot;input[placeholder='Email']&quot;)">self = &lt;test_e2e.TestBankingE2E object at 0x0000018A39880C20&gt;, page = &lt;Page url='http://localhost:8501/'&gt;

    def test_money_transfer_flow(self, page: Page):
        # Login first
        page.goto(BASE_URL)
        page.wait_for_selector("div[data-testid='stAppViewBlockContainer']", timeout=15000)
&gt;       page.fill("input[placeholder='Email']", "admin@banking.com")

tests\system\test_e2e.py:70: 
_ _ _ _ _ _ _ _ _ _ _ _ _ _ _ _ _ _ _ _ _ _ _ _ _ _ _ _ _ _ _ _ _ _ _ _ _ _ _ _ _ _ _ _ _ _ _ _ _ _ _ _ _ _ _ _ _ _ _ _ _ _ _ _ _ _ _ _ _ _ _ _ _ _ _ _ _ _ _ _ _ _ _ _ _ _ _ _ _ _ _ _ _ _ _ _ _ _ _ _ _ _ _ _ _ 
..\..\anaconda3\Lib\site-packages\playwright\sync_api\_generated.py:10520: in fill
    self._sync(
..\..\anaconda3\Lib\site-packages\playwright\_impl\_page.py:905: in fill
    return await self._main_frame.fill(**locals_to_params(locals()))
..\..\anaconda3\Lib\site-packages\playwright\_impl\_frame.py:607: in fill
    await self._fill(**locals_to_params(locals()))
..\..\anaconda3\Lib\site-packages\playwright\_impl\_frame.py:619: in _fill
    await self._channel.send("fill", self._timeout, locals_to_params(locals()))
..\..\anaconda3\Lib\site-packages\playwright\_impl\_connection.py:69: in send
    return await self._connection.wrap_api_call(
_ _ _ _ _ _ _ _ _ _ _ _ _ _ _ _ _ _ _ _ _ _ _ _ _ _ _ _ _ _ _ _ _ _ _ _ _ _ _ _ _ _ _ _ _ _ _ _ _ _ _ _ _ _ _ _ _ _ _ _ _ _ _ _ _ _ _ _ _ _ _ _ _ _ _ _ _ _ _ _ _ _ _ _ _ _ _ _ _ _ _ _ _ _ _ _ _ _ _ _ _ _ _ _ _ 

self = &lt;playwright._impl._connection.Connection object at 0x0000018A39883E30&gt;, cb = &lt;function Channel.send.&lt;locals&gt;.&lt;lambda&gt; at 0x0000018A39A4AAC0&gt;, is_internal = False, title = None

    async def wrap_api_call(
        self, cb: Callable[[], Any], is_internal: bool = False, title: str = None
    ) -&gt; Any:
        if self._api_zone.get():
            return await cb()
        task = asyncio.current_task(self._loop)
        st: List[inspect.FrameInfo] = getattr(
            task, "__pw_stack__", None
        ) or inspect.stack(0)
    
        parsed_st = _extract_stack_trace_information_from_stack(st, is_internal, title)
        self._api_zone.set(parsed_st)
        try:
            return await cb()
        except Exception as error:
&gt;           raise rewrite_error(error, f"{parsed_st['apiName']}: {error}") from None
E           playwright._impl._errors.TimeoutError: Page.fill: Timeout 30000ms exceeded.
E           Call log:
E             - waiting for locator("input[placeholder='Email']")

..\..\anaconda3\Lib\site-packages\playwright\_impl\_connection.py:559: TimeoutError</failure></testcase></testsuite></testsuites>